Component: ARM Compiler 5.06 update 6 (build 750) Tool: armlink [4d35ed]

==============================================================================

Section Cross References

    phase2.o(RESET) refers to phase2.o(MYCODE) for Reset_Handler


==============================================================================

Image Symbol Table

    Local Symbols

    Symbol Name                              Value     Ov Type        Size  Object(Section)

    Phase2.s                                 0x00000000   Number         0  phase2.o ABSOLUTE
    RESET                                    0x08000000   Section        8  phase2.o(RESET)
    MYCODE                                   0x08000008   Section      124  phase2.o(MYCODE)
    factorial                                0x08000011   Thumb Code    28  phase2.o(MYCODE)
    string1                                  0x0800002c   Data           0  phase2.o(MYCODE)
    vowelCount                               0x0800002c   Data          82  phase2.o(MYCODE)

    Global Symbols

    Symbol Name                              Value     Ov Type        Size  Object(Section)

    BuildAttributes$$THM_ISAv4$P$D$K$B$S$PE$A:L22UL41UL21$X:L11$S22US41US21$IEEE1$IW$USESV6$~STKCKD$USESV7$~SHL$OSPACE$EBA8$STANDARDLIB$PRES8$EABIv2 0x00000000   Number         0  anon$$obj.o ABSOLUTE
    __Vectors                                0x08000000   Data           4  phase2.o(RESET)
    Reset_Handler                            0x08000009   Thumb Code     8  phase2.o(MYCODE)



==============================================================================

Memory Map of the image

  Image Entry point : 0x08000009

  Load Region LR_1 (Base: 0x08000000, Size: 0x00000084, Max: 0xffffffff, ABSOLUTE)

    Execution Region ER_RO (Exec base: 0x08000000, Load base: 0x08000000, Size: 0x00000084, Max: 0xffffffff, ABSOLUTE)

    Exec Addr    Load Addr    Size         Type   Attr      Idx    E Section Name        Object

    0x08000000   0x08000000   0x00000008   Data   RO            1    RESET               phase2.o
    0x08000008   0x08000008   0x0000007c   Code   RO            2  * MYCODE              phase2.o


    Execution Region ER_RW (Exec base: 0x20000000, Load base: 0x08000084, Size: 0x00000000, Max: 0xffffffff, ABSOLUTE)

    **** No section assigned to this execution region ****


    Execution Region ER_ZI (Exec base: 0x20000000, Load base: 0x08000084, Size: 0x00000000, Max: 0xffffffff, ABSOLUTE)

    **** No section assigned to this execution region ****


==============================================================================

Image component sizes


      Code (inc. data)   RO Data    RW Data    ZI Data      Debug   Object Name

       124         76          8          0          0        420   phase2.o

    ----------------------------------------------------------------------
       124         76          8          0          0        420   Object Totals
         0          0          0          0          0          0   (incl. Generated)
         0          0          0          0          0          0   (incl. Padding)

    ----------------------------------------------------------------------
         0          0          0          0          0          0   Library Totals
         0          0          0          0          0          0   (incl. Padding)

    ----------------------------------------------------------------------

==============================================================================


      Code (inc. data)   RO Data    RW Data    ZI Data      Debug   

       124         76          8          0          0        420   Grand Totals
       124         76          8          0          0        420   ELF Image Totals
       124         76          8          0          0          0   ROM Totals

==============================================================================

    Total RO  Size (Code + RO Data)                  132 (   0.13kB)
    Total RW  Size (RW Data + ZI Data)                 0 (   0.00kB)
    Total ROM Size (Code + RO Data + RW Data)        132 (   0.13kB)

==============================================================================

