


ARM Macro Assembler    Page 1 


    1 00000000         ;ARM1.s Source code for my first program on the ARM Cort
                       ex M3
    2 00000000         ;Function Modify some registers so we can observe the re
                       sults in the debugger
    3 00000000         ;Author - Dave Duguid
    4 00000000         ;Modified August 2012 Trevor Douglas
    5 00000000         ; Directives
    6 00000000                 PRESERVE8
    7 00000000                 THUMB
    8 00000000         
    9 00000000         ; Vector Table Mapped to Address 0 at Reset, Linker requ
                       ires __Vectors to be exported
   10 00000000                 AREA             RESET, DATA, READONLY
   11 00000000                 EXPORT           __Vectors
   12 00000000         
   13 00000000         
   14 00000000 20002000 
                       __Vectors
                               DCD              0x20002000  ; stack pointer val
                                                            ue when stack is em
                                                            pty
   15 00000004 00000000        DCD              Reset_Handler ; reset vector
   16 00000008         
   17 00000008                 ALIGN
   18 00000008         
   19 00000008         
   20 00000008         ;My program, Linker requires Reset_Handler and it must b
                       e exported
   21 00000008                 AREA             MYCODE, CODE, READONLY
   22 00000000                 ENTRY
   23 00000000         
   24 00000000                 EXPORT           Reset_Handler
   25 00000000         
   26 00000000                 ALIGN
   27 00000000         Reset_Handler
                               PROC                         ;We only have one l
                                                            ine of actual appli
                                                            cation code
   28 00000000         
   29 00000000         
   30 00000000         Awesome
   31 00000000         
   32 00000000         ;ADD R0, #1
   33 00000000         ;CMP R0, #4
   34 00000000         ;BNE Awesome
   35 00000000         
   36 00000000         ;MOV R0, #9 ;; Just an extra line
   37 00000000         
   38 00000000 F7FF FFFE       BL               factorial
   39 00000004         
   40 00000004 F7FF FFFE       BL               vowelCount
   41 00000008         
   42 00000008         
   43 00000008         ;B Reset_Handler
   44 00000008         
   45 00000008                 ENDP
   46 00000008         
   47 00000008         
   48 00000008         



ARM Macro Assembler    Page 2 


   49 00000008         
   50 00000008         ALIGN
   51 00000008         factorial
                               PROC
   52 00000008 F04F 0009       MOV              R0, #0x09
   53 0000000C F1A0 0101       SUB              R1, R0, #1
   54 00000010 FB00 F201       MUL              R2, R0, R1
   55 00000014         calculatefactorial
   56 00000014 F1A1 0101       SUB              R1, #1
   57 00000018 FB02 F301       MUL              R3, R2, R1  ; ACTUAL CALCULATIU
                                                            ON
   58 0000001C 461A            MOV              R2, R3      ; R3 IS THE OUTPUT.
                                                             MOVING R3 TO R2 CR
                                                            EATES A MEADIATING 
                                                            OPERAND
   59 0000001E 2901            CMP              R1, #1
   60 00000020 D1F8            BNE              calculatefactorial
   61 00000022         
   62 00000022         
   63 00000022 4770            BX               LR
   64 00000024         
   65 00000024                 ENDP
   66 00000024         
   67 00000024         
   68 00000024         
   69 00000024         ; comments input/output
   70 00000024                 ALIGN
   71 00000024         vowelCount
                               PROC
   72 00000024         
   73 00000024         string1
   74 00000024 45 4E 53 
              45 20 33 
              35 32 20 
              69 73 20 
              66 75 6E 
              20 61 6E 
              64 20 49 
              20 61 6D 
              20 6C 65 
              61 72 6E 
              69 6E 67 
              20 41 52 
              4D 20 61 
              73 73 65 
              6D 62 6C 
              79 21 00         DCB              "ENSE 352 is fun and I am learn
ing ARM assembly!",0
   75 00000054         
   76 00000054         string2
   77 00000054 59 65 73 
              20 49 20 
              72 65 61 
              6C 6C 79 
              20 6C 6F 
              76 65 20 
              69 74 21 
              00               DCB              "Yes I really love it!",0
   78 0000006A         



ARM Macro Assembler    Page 3 


   79 0000006A 4D03            LDR              R5,=string1
   80 0000006C 782E            LDRB             R6,[R5]
   81 0000006E F105 0501       ADD              R5, #1
   82 00000072 782E            LDRB             R6,[R5]
   83 00000074         
   84 00000074 4770            BX               LR
   85 00000076                 ENDP
                       
              00 00 00000000 
Command Line: --debug --xref --diag_suppress=9931 --cpu=Cortex-M3 --apcs=interw
ork --depend=.\objects\phase2.d -o.\objects\phase2.o -I.\RTE\_Target_1 -IC:\Kei
l_v5\ARM\PACK\Keil\STM32F1xx_DFP\2.3.0\Device\Include -IC:\Keil_v5\ARM\CMSIS\In
clude --predefine="__EVAL SETA 1" --predefine="__UVISION_VERSION SETA 525" --pr
edefine="STM32F10X_MD_VL SETA 1" --list=.\listings\phase2.lst Phase2.s



ARM Macro Assembler    Page 1 Alphabetic symbol ordering
Relocatable symbols

RESET 00000000

Symbol: RESET
   Definitions
      At line 10 in file Phase2.s
   Uses
      None
Comment: RESET unused
__Vectors 00000000

Symbol: __Vectors
   Definitions
      At line 14 in file Phase2.s
   Uses
      At line 11 in file Phase2.s
Comment: __Vectors used once
2 symbols



ARM Macro Assembler    Page 1 Alphabetic symbol ordering
Relocatable symbols

ALIGN 00000008

Symbol: ALIGN
   Definitions
      At line 50 in file Phase2.s
   Uses
      None
Comment: ALIGN unused
Awesome 00000000

Symbol: Awesome
   Definitions
      At line 30 in file Phase2.s
   Uses
      None
Comment: Awesome unused
MYCODE 00000000

Symbol: MYCODE
   Definitions
      At line 21 in file Phase2.s
   Uses
      None
Comment: MYCODE unused
Reset_Handler 00000000

Symbol: Reset_Handler
   Definitions
      At line 27 in file Phase2.s
   Uses
      At line 15 in file Phase2.s
      At line 24 in file Phase2.s

calculatefactorial 00000014

Symbol: calculatefactorial
   Definitions
      At line 55 in file Phase2.s
   Uses
      At line 60 in file Phase2.s
Comment: calculatefactorial used once
factorial 00000008

Symbol: factorial
   Definitions
      At line 51 in file Phase2.s
   Uses
      At line 38 in file Phase2.s
Comment: factorial used once
string1 00000024

Symbol: string1
   Definitions
      At line 73 in file Phase2.s
   Uses
      At line 79 in file Phase2.s
Comment: string1 used once
string2 00000054




ARM Macro Assembler    Page 2 Alphabetic symbol ordering
Relocatable symbols

Symbol: string2
   Definitions
      At line 76 in file Phase2.s
   Uses
      None
Comment: string2 unused
vowelCount 00000024

Symbol: vowelCount
   Definitions
      At line 71 in file Phase2.s
   Uses
      At line 40 in file Phase2.s
Comment: vowelCount used once
9 symbols
346 symbols in table
